<html>
<body>
<pre>
<h1>礦ision Build Log</h1>
<h2>Tool Versions:</h2>
IDE-Version: μVision V5.28.0.0
Copyright (C) 2019 ARM Ltd and ARM Germany GmbH. All rights reserved.
License Information: 风吹麦浪,   , LIC=NQQMA-1WJC6-JJA6S-LQ8RA-MG39P-BX7ZJ
 
Tool Versions:
Toolchain:       MDK-ARM Plus  Version: 5.28.0.0
Toolchain Path:  D:\keil\ARM\ARMCC\Bin
C Compiler:      Armcc.exe V5.06 update 6 (build 750)
Assembler:       Armasm.exe V5.06 update 6 (build 750)
Linker/Locator:  ArmLink.exe V5.06 update 6 (build 750)
Library Manager: ArmAr.exe V5.06 update 6 (build 750)
Hex Converter:   FromElf.exe V5.06 update 6 (build 750)
CPU DLL:         SARMCM3.DLL V5.28.0.0
Dialog DLL:      DCM.DLL V1.17.3.0
Target DLL:      Segger\JL2CM3.dll V2.99.36.0
Dialog DLL:      TCM.DLL V1.36.2.0
 
<h2>Project:</h2>
D:\桌面\项目\阶段项目三智能视频小车\项目工程(freertos+lvgl)\Project.uvprojx
Project File Date:  06/07/2025

<h2>Output:</h2>
*** Using Compiler 'V5.06 update 6 (build 750)', folder: 'D:\keil\ARM\ARMCC\Bin'
Build target 'Target 1'
compiling lv_port_indev.c...
LVGL\examples\porting\lv_port_indev.c(233): warning:  #177-D: function "mouse_init"  was declared but never referenced
  static void mouse_init(void)
LVGL\examples\porting\lv_port_indev.c(239): warning:  #177-D: function "mouse_read"  was declared but never referenced
  static void mouse_read(lv_indev_drv_t * indev_drv, lv_indev_data_t * data)
LVGL\examples\porting\lv_port_indev.c(275): warning:  #177-D: function "keypad_init"  was declared but never referenced
  static void keypad_init(void)
LVGL\examples\porting\lv_port_indev.c(281): warning:  #177-D: function "keypad_read"  was declared but never referenced
  static void keypad_read(lv_indev_drv_t * indev_drv, lv_indev_data_t * data)
LVGL\examples\porting\lv_port_indev.c(334): warning:  #177-D: function "encoder_init"  was declared but never referenced
  static void encoder_init(void)
LVGL\examples\porting\lv_port_indev.c(340): warning:  #177-D: function "encoder_read"  was declared but never referenced
  static void encoder_read(lv_indev_drv_t * indev_drv, lv_indev_data_t * data)
LVGL\examples\porting\lv_port_indev.c(348): warning:  #177-D: function "encoder_handler"  was declared but never referenced
  static void encoder_handler(void)
LVGL\examples\porting\lv_port_indev.c(361): warning:  #177-D: function "button_init"  was declared but never referenced
  static void button_init(void)
LVGL\examples\porting\lv_port_indev.c(367): warning:  #177-D: function "button_read"  was declared but never referenced
  static void button_read(lv_indev_drv_t * indev_drv, lv_indev_data_t * data)
LVGL\examples\porting\lv_port_indev.c: 9 warnings, 0 errors
linking...
Program Size: Code=15012 RO-data=776 RW-data=152 ZI-data=15856  
".\Objects\Project.axf" - 0 Error(s), 9 Warning(s).

<h2>Software Packages used:</h2>

Package Vendor: Keil
                http://www.keil.com/pack/Keil.STM32F1xx_DFP.2.4.0.pack
                Keil.STM32F1xx_DFP.2.4.0
                STMicroelectronics STM32F1 Series Device Support, Drivers and Examples

<h2>Collection of Component include folders:</h2>
  .\RTE\_Target_1
  D:\keil\Keil\STM32F1xx_DFP\2.4.0\Device\Include

<h2>Collection of Component Files used:</h2>
Build Time Elapsed:  00:00:04
</pre>
</body>
</html>
